// Jest Snapshot v1, https://goo.gl/fbAQLP

exports[`Tab1.js renders correctly 1`] = `ShallowWrapper {}`;
