// Jest Snapshot v1, https://goo.gl/fbAQLP

exports[`Tab2.js renders correctly 1`] = `ShallowWrapper {}`;
