// Jest Snapshot v1, https://goo.gl/fbAQLP

exports[`Tab3.js renders correctly 1`] = `ShallowWrapper {}`;
