// Jest Snapshot v1, https://goo.gl/fbAQLP

exports[`Login.js renders correctly 1`] = `ShallowWrapper {}`;
